2012/11/29 下午 07:55:35 com.netbase.insightapi.v2.samples.SDKDemo main
嚴重的: error~~
2012/11/29 下午 07:55:35 com.netbase.insightapi.v2.samples.SDKDemo main
細緻: debug!!
2012/11/29 下午 07:55:35 com.netbase.insightapi.v2.samples.SDKDemo main
資訊: info!!
2012/11/29 下午 07:55:35 com.netbase.insightapi.v2.NetBaseImpl _call
細緻: Calling service[helloWorld] with parameters: ?language=English
2012/11/29 下午 07:55:35 org.apache.http.impl.conn.BasicClientConnectionManager getConnection
細緻: Get connection for route {s}->https://dev-api.netbase.com:443
2012/11/29 下午 07:55:36 org.apache.http.impl.conn.DefaultClientConnectionOperator openConnection
細緻: Connecting to dev-api.netbase.com:443
2012/11/29 下午 07:55:37 org.apache.http.client.protocol.RequestAddCookies process
細緻: CookieSpec selected: best-match
2012/11/29 下午 07:55:37 org.apache.http.client.protocol.RequestAuthCache doPreemptiveAuth
細緻: Re-using cached 'basic' auth scheme for https://dev-api.netbase.com:443
2012/11/29 下午 07:55:37 org.apache.http.client.protocol.RequestTargetAuthentication process
細緻: Target auth state: SUCCESS
2012/11/29 下午 07:55:37 org.apache.http.client.protocol.RequestProxyAuthentication process
細緻: Proxy auth state: UNCHALLENGED
2012/11/29 下午 07:55:37 org.apache.http.impl.client.DefaultRequestDirector tryExecute
細緻: Attempt 1 to execute request
2012/11/29 下午 07:55:37 org.apache.http.impl.conn.DefaultClientConnection sendRequestHeader
細緻: Sending request: GET /cb/insight-api/2/helloWorld?language=English HTTP/1.1
2012/11/29 下午 07:55:37 org.apache.http.impl.conn.Wire wire
細緻: >> "GET /cb/insight-api/2/helloWorld?language=English HTTP/1.1[\r][\n]"
2012/11/29 下午 07:55:37 org.apache.http.impl.conn.Wire wire
細緻: >> "Host: dev-api.netbase.com:443[\r][\n]"
2012/11/29 下午 07:55:37 org.apache.http.impl.conn.Wire wire
細緻: >> "Connection: Keep-Alive[\r][\n]"
2012/11/29 下午 07:55:37 org.apache.http.impl.conn.Wire wire
細緻: >> "User-Agent: Apache-HttpClient/4.2.1 (java 1.5)[\r][\n]"
2012/11/29 下午 07:55:37 org.apache.http.impl.conn.Wire wire
細緻: >> "Authorization: Basic anlsaW5AbmV0YmFzZS5jb206dGVzdHRlc3Q=[\r][\n]"
2012/11/29 下午 07:55:37 org.apache.http.impl.conn.Wire wire
細緻: >> "[\r][\n]"
2012/11/29 下午 07:55:37 org.apache.http.impl.conn.DefaultClientConnection sendRequestHeader
細緻: >> GET /cb/insight-api/2/helloWorld?language=English HTTP/1.1
2012/11/29 下午 07:55:37 org.apache.http.impl.conn.DefaultClientConnection sendRequestHeader
細緻: >> Host: dev-api.netbase.com:443
2012/11/29 下午 07:55:37 org.apache.http.impl.conn.DefaultClientConnection sendRequestHeader
細緻: >> Connection: Keep-Alive
2012/11/29 下午 07:55:37 org.apache.http.impl.conn.DefaultClientConnection sendRequestHeader
細緻: >> User-Agent: Apache-HttpClient/4.2.1 (java 1.5)
2012/11/29 下午 07:55:37 org.apache.http.impl.conn.DefaultClientConnection sendRequestHeader
細緻: >> Authorization: Basic anlsaW5AbmV0YmFzZS5jb206dGVzdHRlc3Q=
